Microchip MPLAB XC8 Compiler V1.45 ()

Linker command line:

-W-3 --edf=C:\Program Files (x86)\Microchip\xc8\v1.45\dat\en_msgs.txt -cs \
  -h+dist/default/production\tarti.X.production.sym \
  --cmf=dist/default/production\tarti.X.production.cmf -z -Q16F628A \
  -oC:\Users\Monster\AppData\Local\Temp\seg8.2 \
  -Mdist/default/production/tarti.X.production.map -E1 -ver=XC8 \
  -ASTACK=0A4h-0efh -pstack=STACK -ACODE=00h-07FFh -ASTRCODE=00h-07FFh \
  -ASTRING=00h-0FFhx8 -ACONST=00h-0FFhx8 -AENTRY=00h-0FFhx8 \
  -ACOMMON=070h-07Fh -ABANK0=020h-06Fh -ABANK1=0A0h-0EFh \
  -ABANK2=0120h-014Fh -ARAM=020h-06Fh,0A0h-0EFh,0120h-014Fh \
  -AABS1=020h-07Fh,0A0h-0EFh,0120h-014Fh -ASFR0=00h-01Fh -ASFR1=080h-09Fh \
  -ASFR2=0100h-011Fh -ASFR3=0180h-01EFh \
  -preset_vec=00h,intentry=04h,init,end_init -ppowerup=CODE -pcinit=CODE \
  -pfunctab=ENTRY -ACONFIG=02007h-02007h -pconfig=CONFIG -DCONFIG=2 \
  -AIDLOC=02000h-02003h -pidloc=IDLOC -DIDLOC=2 -AEEDATA=00h-07Fh/02100h \
  -peeprom_data=EEDATA -DEEDATA=2 -DCODE=2 -DSTRCODE=2 -DSTRING=2 -DCONST=2 \
  -DENTRY=2 -k C:\Users\Monster\AppData\Local\Temp\seg8.obj \
  dist/default/production\tarti.X.production.obj 

Object code version is 3.11

Machine type is 16F628A



                Name                               Link     Load   Length Selector   Space Scale
C:\Users\Monster\AppData\Local\Temp\seg8.obj
                end_init                             10       10        1        8       0
                reset_vec                             0        0        1        0       0
                config                             2007     2007        1     400E       0
dist/default/production\tarti.X.production.obj
                cinit                                11       11        B        8       0
                intentry                              4        4        C        8       0
                text11                              2D8      2D8       4E        8       0
                text10                              3C4      3C4        C        8       0
                text9                               268      268       70        8       0
                text8                               160      160       8F        8       0
                text7                               1EF      1EF       79        8       0
                text6                               326      326       41        8       0
                text5                                C6       C6       9A        8       0
                text4                               367      367       29        8       0
                text3                               3AE      3AE       16        8       0
                text2                               390      390       1E        8       0
                text1                               3D0      3D0        9        8       0
                maintext                             1C       1C       AA        8       0
                cstackBANK0                          51       51       1C       20       1
                cstackCOMMON                         70       70        5       70       1
                cstackBANK1                          A0       A0        4       A0       1
                clrtext                             3D9      3D9        8        8       0
                bssBANK0                             20       20       31       20       1
                bssCOMMON                            75       75        4       70       1

TOTAL           Name                               Link     Load   Length     Space
        CLASS   STACK          

        CLASS   CODE           
                end_init                             10       10        1         0
                cinit                                11       11        B         0
                intentry                              4        4        C         0
                reset_vec                             0        0        1         0
                text11                              2D8      2D8       4E         0
                text10                              3C4      3C4        C         0
                text9                               268      268       70         0
                text8                               160      160       8F         0
                text7                               1EF      1EF       79         0
                text6                               326      326       41         0
                text5                                C6       C6       9A         0
                text4                               367      367       29         0
                text3                               3AE      3AE       16         0
                text2                               390      390       1E         0
                text1                               3D0      3D0        9         0
                maintext                             1C       1C       AA         0
                clrtext                             3D9      3D9        8         0

        CLASS   STRCODE        

        CLASS   STRING         

        CLASS   CONST          

        CLASS   ENTRY          

        CLASS   COMMON         
                cstackCOMMON                         70       70        5         1
                bssCOMMON                            75       75        4         1

        CLASS   BANK0          
                cstackBANK0                          51       51       1C         1
                bssBANK0                             20       20       31         1

        CLASS   BANK1          
                cstackBANK1                          A0       A0        4         1

        CLASS   BANK2          

        CLASS   RAM            

        CLASS   ABS1           
                abs_s1                               7E       7E        2         1

        CLASS   SFR0           

        CLASS   SFR1           

        CLASS   SFR2           

        CLASS   SFR3           

        CLASS   CONFIG         
                config                             2007     2007        1         0

        CLASS   IDLOC          

        CLASS   EEDATA         

        CLASS   BANK3          



SEGMENTS        Name                           Load    Length   Top    Selector   Space  Class     Delta

                reset_vec                      000000  000001  000001         0       0  CODE        2
                intentry                       000004  0003DD  0003E1         8       0  CODE        2
                bssBANK0                       000020  00004D  00006D        20       1  BANK0       1
                cstackCOMMON                   000070  000009  000079        70       1  COMMON      1
                cstackBANK1                    0000A0  000004  0000A4        A0       1  BANK1       1
                config                         002007  000001  002008      400E       0  CONFIG      2


UNUSED ADDRESS RANGES

        Name                Unused          Largest block    Delta
        BANK0            006D-006F              3           1
        BANK1            00A4-00EF             4C           1
        BANK2            0120-014F             30           1
        CODE             0001-0003              3           2
                         03E1-07FF            41F
        COMMON           0079-007D              5           1
        CONST            0001-0003              3           2
                         03E1-07FF            100
        EEDATA           2100-217F             80           2
        ENTRY            0001-0003              3           2
                         03E1-07FF            100
        IDLOC            2000-2003              4           2
        RAM              006D-006F              3           1
                         00A4-00EF             4C
                         0120-014F             30
        SFR0             0000-001F             20           1
        SFR1             0080-009F             20           1
        SFR2             0100-011F             20           1
        SFR3             0180-01EF             70           1
        STACK            00A4-00EF             4C           1
        STRCODE          0001-0003              3           2
                         03E1-07FF            41F
        STRING           0001-0003              3           2
                         03E1-07FF            100

                                  Symbol Table

?___aldiv                cstackBANK0  0051
?___almod                cstackBANK0  0051
?___lmul                 cstackBANK0  0051
_CMCON                   (abs)        001F
_INTCONbits              (abs)        000B
_OPTION_REGbits          (abs)        0081
_PIE1bits                (abs)        008C
_PIR1bits                (abs)        000C
_PORTAbits               (abs)        0005
_PORTBbits               (abs)        0006
_RCREG                   (abs)        001A
_RCSTAbits               (abs)        0018
_SPBRG                   (abs)        0099
_T0_init                 text10       03C4
_TRISAbits               (abs)        0085
_TRISB                   (abs)        0086
_TRISBbits               (abs)        0086
_TXREG                   (abs)        0019
_TXSTAbits               (abs)        0098
__CFG_BOREN$OFF          (abs)        0000
__CFG_CP$OFF             (abs)        0000
__CFG_CPD$OFF            (abs)        0000
__CFG_FOSC$HS            (abs)        0000
__CFG_LVP$OFF            (abs)        0000
__CFG_MCLRE$OFF          (abs)        0000
__CFG_PWRTE$OFF          (abs)        0000
__CFG_WDTE$OFF           (abs)        0000
__Habs1                  abs1         0000
__Hbank0                 bank0        0000
__Hbank1                 bank1        0000
__Hbank2                 bank2        0000
__Hbank3                 bank3        0000
__HbssBANK0              bssBANK0     0000
__HbssCOMMON             bssCOMMON    0000
__Hcinit                 cinit        001C
__Hclrtext               clrtext      0000
__Hcode                  code         0000
__Hcommon                common       0000
__Hconfig                config       2008
__HcstackBANK0           cstackBANK0  0000
__HcstackBANK1           cstackBANK1  0000
__HcstackCOMMON          cstackCOMMON 0000
__Heeprom_data           eeprom_data  0000
__Hend_init              end_init     0011
__Hfunctab               functab      0000
__Hidloc                 idloc        0000
__Hinit                  init         0010
__Hintentry              intentry     0010
__Hmaintext              maintext     0000
__Hpowerup               powerup      0000
__Hram                   ram          0000
__Hreset_vec             reset_vec    0001
__Hsfr0                  sfr0         0000
__Hsfr1                  sfr1         0000
__Hsfr2                  sfr2         0000
__Hsfr3                  sfr3         0000
__Hspace_0               (abs)        2008
__Hspace_1               (abs)        00A4
__Hspace_2               (abs)        0000
__Hspace_3               (abs)        0000
__Hstack                 stack        0000
__Hstrings               strings      0000
__Htext                  text         0000
__Labs1                  abs1         0000
__Lbank0                 bank0        0000
__Lbank1                 bank1        0000
__Lbank2                 bank2        0000
__Lbank3                 bank3        0000
__LbssBANK0              bssBANK0     0000
__LbssCOMMON             bssCOMMON    0000
__Lcinit                 cinit        0011
__Lclrtext               clrtext      0000
__Lcode                  code         0000
__Lcommon                common       0000
__Lconfig                config       2007
__LcstackBANK0           cstackBANK0  0000
__LcstackBANK1           cstackBANK1  0000
__LcstackCOMMON          cstackCOMMON 0000
__Leeprom_data           eeprom_data  0000
__Lend_init              end_init     0010
__Lfunctab               functab      0000
__Lidloc                 idloc        0000
__Linit                  init         0010
__Lintentry              intentry     0004
__Lmaintext              maintext     0000
__Lpowerup               powerup      0000
__Lram                   ram          0000
__Lreset_vec             reset_vec    0000
__Lsfr0                  sfr0         0000
__Lsfr1                  sfr1         0000
__Lsfr2                  sfr2         0000
__Lsfr3                  sfr3         0000
__Lspace_0               (abs)        0000
__Lspace_1               (abs)        0000
__Lspace_2               (abs)        0000
__Lspace_3               (abs)        0000
__Lstack                 stack        0000
__Lstrings               strings      0000
__Ltext                  text         0000
__S0                     (abs)        2008
__S1                     (abs)        00A4
__S2                     (abs)        0000
__S3                     (abs)        0000
___aldiv                 text8        0160
___aldiv@counter         cstackBANK0  005A
___aldiv@dividend        cstackBANK0  0055
___aldiv@divisor         cstackBANK0  0051
___aldiv@quotient        cstackBANK0  005C
___aldiv@sign            cstackBANK0  005B
___almod                 text7        01EF
___almod@counter         cstackBANK0  005A
___almod@dividend        cstackBANK0  0055
___almod@divisor         cstackBANK0  0051
___almod@sign            cstackBANK0  005B
___int_sp                stack        0000
___latbits               (abs)        0000
___lmul                  text6        0326
___lmul@multiplicand     cstackBANK0  0055
___lmul@multiplier       cstackBANK0  0051
___lmul@product          cstackBANK0  005A
___sp                    stack        0000
__end_of_T0_init         text10       03D0
__end_of___aldiv         text8        01EF
__end_of___almod         text7        0268
__end_of___lmul          text6        0367
__end_of__initialization cinit        001A
__end_of_kes             text11       0326
__end_of_main            maintext     00C6
__end_of_measure_force   text4        0390
__end_of_read_tarti      text9        02D8
__end_of_serial_init     text3        03C4
__end_of_set_offset      text2        03AE
__end_of_tarti_init      text1        03D9
__end_of_write_dec       text5        0160
__initialization         cinit        0011
__pbssBANK0              bssBANK0     0020
__pbssCOMMON             bssCOMMON    0075
__pcstackBANK0           cstackBANK0  0051
__pcstackBANK1           cstackBANK1  00A0
__pcstackCOMMON          cstackCOMMON 0070
__pintentry              intentry     0004
__pmaintext              maintext     001C
__ptext1                 text1        03D0
__ptext10                text10       03C4
__ptext11                text11       02D8
__ptext2                 text2        0390
__ptext3                 text3        03AE
__ptext4                 text4        0367
__ptext5                 text5        00C6
__ptext6                 text6        0326
__ptext7                 text7        01EF
__ptext8                 text8        0160
__ptext9                 text9        0268
__size_of_T0_init        (abs)        0000
__size_of___aldiv        (abs)        0000
__size_of___almod        (abs)        0000
__size_of___lmul         (abs)        0000
__size_of_kes            (abs)        0000
__size_of_main           (abs)        0000
__size_of_measure_force  (abs)        0000
__size_of_read_tarti     (abs)        0000
__size_of_serial_init    (abs)        0000
__size_of_set_offset     (abs)        0000
__size_of_tarti_init     (abs)        0000
__size_of_write_dec      (abs)        0000
_dec_array               bssBANK0     003C
_force                   bssBANK0     0048
_kes                     text11       02D8
_main                    maintext     001C
_measure_force           text4        0367
_measure_val             bssBANK0     004E
_offset                  bssBANK0     004B
_read_tarti              text9        0268
_serial_init             text3        03AE
_set_offset              text2        0390
_tarti                   bssBANK0     0020
_tarti_init              text1        03D0
_timetick                bssCOMMON    0075
_write_dec               text5        00C6
btemp                    (abs)        007E
clear_ram0               clrtext      03D9
end_of_initialization    cinit        001A
interrupt_function       intentry     0004
intlevel0                functab      0000
intlevel1                functab      0000
intlevel2                functab      0000
intlevel3                functab      0000
intlevel4                functab      0000
intlevel5                functab      0000
main@cnt                 cstackBANK1  00A0
main@cnt_335             cstackBANK1  00A2
read_tarti@i             cstackBANK0  0057
read_tarti@kl            cstackBANK0  0055
reset_vec                reset_vec    0000
saved_w                  (abs)        007E
stackhi                  (abs)        0000
stacklo                  (abs)        0000
start                    init         0010
start_initialization     cinit        0011
write_dec@i              cstackBANK0  0065
write_dec@value          cstackBANK0  0060
wtemp0                   (abs)        007E


FUNCTION INFORMATION:

 *************** function _main *****************
 Defined at:
		line 49 in file "tarti.c"
 Parameters:    Size  Location     Type
		None
 Auto vars:     Size  Location     Type
  cnt             2    2[BANK1 ] int 
  cnt             2    0[BANK1 ] int 
 Return value:  Size  Location     Type
                  1    wreg      void 
 Registers used:
		wreg, fsr0l, fsr0h, status,2, status,0, btemp+1, pclath, cstack
 Tracked objects:
		On entry : 
		On exit  : 
		Unchanged: 
 Data sizes:     COMMON   BANK0   BANK1   BANK2
      Params:         0       0       0       0
      Locals:         0       0       4       0
      Temps:          0       3       0       0
      Totals:         0       3       4       0
Total ram usage:        7 bytes
 Hardware stack levels required when called:    4
 This function calls:
		_T0_init
		_measure_force
		_read_tarti
		_serial_init
		_set_offset
		_tarti_init
 This function is called by:
		Startup code after reset
 This function uses a non-reentrant model


 *************** function _tarti_init *****************
 Defined at:
		line 162 in file "tarti.c"
 Parameters:    Size  Location     Type
		None
 Auto vars:     Size  Location     Type
		None
 Return value:  Size  Location     Type
                  1    wreg      void 
 Registers used:
		None
 Tracked objects:
		On entry : 
		On exit  : 
		Unchanged: 
 Data sizes:     COMMON   BANK0   BANK1   BANK2
      Params:         0       0       0       0
      Locals:         0       0       0       0
      Temps:          0       0       0       0
      Totals:         0       0       0       0
Total ram usage:        0 bytes
 Hardware stack levels used:    1
 Hardware stack levels required when called:    1
 This function calls:
		Nothing
 This function is called by:
		_main
 This function uses a non-reentrant model


 *************** function _set_offset *****************
 Defined at:
		line 203 in file "tarti.c"
 Parameters:    Size  Location     Type
		None
 Auto vars:     Size  Location     Type
		None
 Return value:  Size  Location     Type
                  1    wreg      void 
 Registers used:
		wreg, fsr0l, fsr0h, status,2, status,0, btemp+1, pclath, cstack
 Tracked objects:
		On entry : 
		On exit  : 
		Unchanged: 
 Data sizes:     COMMON   BANK0   BANK1   BANK2
      Params:         0       0       0       0
      Locals:         0       0       0       0
      Temps:          0       1       0       0
      Totals:         0       1       0       0
Total ram usage:        1 bytes
 Hardware stack levels used:    1
 Hardware stack levels required when called:    3
 This function calls:
		_read_tarti
		_write_dec
 This function is called by:
		_main
 This function uses a non-reentrant model


 *************** function _serial_init *****************
 Defined at:
		line 121 in file "tarti.c"
 Parameters:    Size  Location     Type
		None
 Auto vars:     Size  Location     Type
		None
 Return value:  Size  Location     Type
                  1    wreg      void 
 Registers used:
		wreg
 Tracked objects:
		On entry : 
		On exit  : 
		Unchanged: 
 Data sizes:     COMMON   BANK0   BANK1   BANK2
      Params:         0       0       0       0
      Locals:         0       0       0       0
      Temps:          0       0       0       0
      Totals:         0       0       0       0
Total ram usage:        0 bytes
 Hardware stack levels used:    1
 Hardware stack levels required when called:    1
 This function calls:
		Nothing
 This function is called by:
		_main
 This function uses a non-reentrant model


 *************** function _measure_force *****************
 Defined at:
		line 210 in file "tarti.c"
 Parameters:    Size  Location     Type
		None
 Auto vars:     Size  Location     Type
		None
 Return value:  Size  Location     Type
                  1    wreg      void 
 Registers used:
		wreg, fsr0l, fsr0h, status,2, status,0, btemp+1, pclath, cstack
 Tracked objects:
		On entry : 
		On exit  : 
		Unchanged: 
 Data sizes:     COMMON   BANK0   BANK1   BANK2
      Params:         0       0       0       0
      Locals:         0       0       0       0
      Temps:          0       3       0       0
      Totals:         0       3       0       0
Total ram usage:        3 bytes
 Hardware stack levels used:    1
 Hardware stack levels required when called:    3
 This function calls:
		_read_tarti
		_write_dec
 This function is called by:
		_main
 This function uses a non-reentrant model


 *************** function _write_dec *****************
 Defined at:
		line 246 in file "tarti.c"
 Parameters:    Size  Location     Type
  value           4   15[BANK0 ] long 
 Auto vars:     Size  Location     Type
  i               2   20[BANK0 ] int 
 Return value:  Size  Location     Type
                  1    wreg      void 
 Registers used:
		wreg, fsr0l, fsr0h, status,2, status,0, btemp+1, pclath, cstack
 Tracked objects:
		On entry : 
		On exit  : 
		Unchanged: 
 Data sizes:     COMMON   BANK0   BANK1   BANK2
      Params:         0       4       0       0
      Locals:         0       2       0       0
      Temps:          0       1       0       0
      Totals:         0       7       0       0
Total ram usage:        7 bytes
 Hardware stack levels used:    1
 Hardware stack levels required when called:    2
 This function calls:
		___aldiv
		___almod
		___lmul
 This function is called by:
		_set_offset
		_measure_force
		_bin_to_dec
 This function uses a non-reentrant model


 *************** function ___lmul *****************
 Defined at:
		line 15 in file "C:\Program Files (x86)\Microchip\xc8\v1.45\sources\common\Umul32.c"
 Parameters:    Size  Location     Type
  multiplier      4    0[BANK0 ] unsigned long 
  multiplicand    4    4[BANK0 ] unsigned long 
 Auto vars:     Size  Location     Type
  product         4    9[BANK0 ] unsigned long 
 Return value:  Size  Location     Type
                  4    0[BANK0 ] unsigned long 
 Registers used:
		wreg, status,2, status,0
 Tracked objects:
		On entry : 
		On exit  : 
		Unchanged: 
 Data sizes:     COMMON   BANK0   BANK1   BANK2
      Params:         0       8       0       0
      Locals:         0       4       0       0
      Temps:          0       1       0       0
      Totals:         0      13       0       0
Total ram usage:       13 bytes
 Hardware stack levels used:    1
 Hardware stack levels required when called:    1
 This function calls:
		Nothing
 This function is called by:
		_write_dec
 This function uses a non-reentrant model


 *************** function ___almod *****************
 Defined at:
		line 5 in file "C:\Program Files (x86)\Microchip\xc8\v1.45\sources\common\almod.c"
 Parameters:    Size  Location     Type
  divisor         4    0[BANK0 ] long 
  dividend        4    4[BANK0 ] long 
 Auto vars:     Size  Location     Type
  sign            1   10[BANK0 ] unsigned char 
  counter         1    9[BANK0 ] unsigned char 
 Return value:  Size  Location     Type
                  4    0[BANK0 ] long 
 Registers used:
		wreg, status,2, status,0
 Tracked objects:
		On entry : 
		On exit  : 
		Unchanged: 
 Data sizes:     COMMON   BANK0   BANK1   BANK2
      Params:         0       8       0       0
      Locals:         0       2       0       0
      Temps:          0       1       0       0
      Totals:         0      11       0       0
Total ram usage:       11 bytes
 Hardware stack levels used:    1
 Hardware stack levels required when called:    1
 This function calls:
		Nothing
 This function is called by:
		_write_dec
 This function uses a non-reentrant model


 *************** function ___aldiv *****************
 Defined at:
		line 6 in file "C:\Program Files (x86)\Microchip\xc8\v1.45\sources\common\aldiv.c"
 Parameters:    Size  Location     Type
  divisor         4    0[BANK0 ] long 
  dividend        4    4[BANK0 ] long 
 Auto vars:     Size  Location     Type
  quotient        4   11[BANK0 ] long 
  sign            1   10[BANK0 ] unsigned char 
  counter         1    9[BANK0 ] unsigned char 
 Return value:  Size  Location     Type
                  4    0[BANK0 ] long 
 Registers used:
		wreg, status,2, status,0
 Tracked objects:
		On entry : 
		On exit  : 
		Unchanged: 
 Data sizes:     COMMON   BANK0   BANK1   BANK2
      Params:         0       8       0       0
      Locals:         0       6       0       0
      Temps:          0       1       0       0
      Totals:         0      15       0       0
Total ram usage:       15 bytes
 Hardware stack levels used:    1
 Hardware stack levels required when called:    1
 This function calls:
		Nothing
 This function is called by:
		_write_dec
 This function uses a non-reentrant model


 *************** function _read_tarti *****************
 Defined at:
		line 171 in file "tarti.c"
 Parameters:    Size  Location     Type
		None
 Auto vars:     Size  Location     Type
  i               2    6[BANK0 ] int 
  kl              2    4[BANK0 ] int 
 Return value:  Size  Location     Type
                  1    wreg      void 
 Registers used:
		wreg, status,2, status,0, btemp+1
 Tracked objects:
		On entry : 
		On exit  : 
		Unchanged: 
 Data sizes:     COMMON   BANK0   BANK1   BANK2
      Params:         0       0       0       0
      Locals:         0       4       0       0
      Temps:          0       4       0       0
      Totals:         0       8       0       0
Total ram usage:        8 bytes
 Hardware stack levels used:    1
 Hardware stack levels required when called:    1
 This function calls:
		Nothing
 This function is called by:
		_main
		_set_offset
		_measure_force
 This function uses a non-reentrant model


 *************** function _T0_init *****************
 Defined at:
		line 107 in file "tarti.c"
 Parameters:    Size  Location     Type
		None
 Auto vars:     Size  Location     Type
		None
 Return value:  Size  Location     Type
                  1    wreg      void 
 Registers used:
		None
 Tracked objects:
		On entry : 
		On exit  : 
		Unchanged: 
 Data sizes:     COMMON   BANK0   BANK1   BANK2
      Params:         0       0       0       0
      Locals:         0       0       0       0
      Temps:          0       0       0       0
      Totals:         0       0       0       0
Total ram usage:        0 bytes
 Hardware stack levels used:    1
 Hardware stack levels required when called:    1
 This function calls:
		Nothing
 This function is called by:
		_main
 This function uses a non-reentrant model


 *************** function _kes *****************
 Defined at:
		line 140 in file "tarti.c"
 Parameters:    Size  Location     Type
		None
 Auto vars:     Size  Location     Type
		None
 Return value:  Size  Location     Type
                  1    wreg      void 
 Registers used:
		wreg, fsr0l, fsr0h, status,2, status,0
 Tracked objects:
		On entry : 
		On exit  : 
		Unchanged: 
 Data sizes:     COMMON   BANK0   BANK1   BANK2
      Params:         0       0       0       0
      Locals:         0       0       0       0
      Temps:          5       0       0       0
      Totals:         5       0       0       0
Total ram usage:        5 bytes
 Hardware stack levels used:    1
 This function calls:
		Nothing
 This function is called by:
		Interrupt level 1
 This function uses a non-reentrant model



MODULE INFORMATION

Module		Function		Class		Link	Load	Size
C:\Program Files (x86)\Microchip\xc8\v1.45\sources\common\almod.c
		___almod       		CODE           	01EF	0000	122

C:\Program Files (x86)\Microchip\xc8\v1.45\sources\common\almod.c estimated size: 122

C:\Program Files (x86)\Microchip\xc8\v1.45\sources\common\Umul32.c
		___lmul        		CODE           	0326	0000	66

C:\Program Files (x86)\Microchip\xc8\v1.45\sources\common\Umul32.c estimated size: 66

shared
		__initialization		CODE           	0011	0000	10

shared estimated size: 10

tarti.c
		_write_dec     		CODE           	00C6	0000	155
		_read_tarti    		CODE           	0268	0000	113
		_tarti_init    		CODE           	03D0	0000	10
		_main          		CODE           	001C	0000	171
		_kes           		CODE           	02D8	0000	79
		_measure_force 		CODE           	0367	0000	42
		_serial_init   		CODE           	03AE	0000	23
		_T0_init       		CODE           	03C4	0000	13
		_set_offset    		CODE           	0390	0000	31

tarti.c estimated size: 637

C:\Program Files (x86)\Microchip\xc8\v1.45\sources\common\aldiv.c
		___aldiv       		CODE           	0160	0000	144

C:\Program Files (x86)\Microchip\xc8\v1.45\sources\common\aldiv.c estimated size: 144

