Microchip MPLAB XC8 Compiler V1.45 ()

Linker command line:

-W-3 --edf=C:\Program Files (x86)\Microchip\xc8\v1.45\dat\en_msgs.txt -cs \
  -h+dist/default/production\tarti.X.production.sym \
  --cmf=dist/default/production\tarti.X.production.cmf -z -Q16F628A \
  -oC:\Users\Monster\AppData\Local\Temp\s8es.2 \
  -Mdist/default/production/tarti.X.production.map -E1 -ver=XC8 \
  -ASTACK=0BCh-0efh -pstack=STACK -ACODE=00h-07FFh -ASTRCODE=00h-07FFh \
  -ASTRING=00h-0FFhx8 -ACONST=00h-0FFhx8 -AENTRY=00h-0FFhx8 \
  -ACOMMON=070h-07Fh -ABANK0=020h-06Fh -ABANK1=0A0h-0EFh \
  -ABANK2=0120h-014Fh -ARAM=020h-06Fh,0A0h-0EFh,0120h-014Fh \
  -AABS1=020h-07Fh,0A0h-0EFh,0120h-014Fh -ASFR0=00h-01Fh -ASFR1=080h-09Fh \
  -ASFR2=0100h-011Fh -ASFR3=0180h-01EFh \
  -preset_vec=00h,intentry=04h,init,end_init -ppowerup=CODE -pcinit=CODE \
  -pfunctab=ENTRY -ACONFIG=02007h-02007h -pconfig=CONFIG -DCONFIG=2 \
  -AIDLOC=02000h-02003h -pidloc=IDLOC -DIDLOC=2 -AEEDATA=00h-07Fh/02100h \
  -peeprom_data=EEDATA -DEEDATA=2 -DCODE=2 -DSTRCODE=2 -DSTRING=2 -DCONST=2 \
  -DENTRY=2 -k C:\Users\Monster\AppData\Local\Temp\s8es.obj \
  dist/default/production\tarti.X.production.obj 

Object code version is 3.11

Machine type is 16F628A



                Name                               Link     Load   Length Selector   Space Scale
C:\Users\Monster\AppData\Local\Temp\s8es.obj
                end_init                             10       10        1        8       0
                reset_vec                             0        0        1        0       0
                config                             2007     2007        1     400E       0
dist/default/production\tarti.X.production.obj
                cinit                                11       11        F        8       0
                intentry                              4        4        C        8       0
                text11                              408      408       54        8       0
                text10                              4B3      4B3        C        8       0
                text9                               398      398       70        8       0
                text8                               17D      17D       8F        8       0
                text7                               31F      31F       79        8       0
                text6                               45C      45C       41        8       0
                text5                                20       20       B5        8       0
                text4                               20C      20C       8C        8       0
                text3                               49D      49D       16        8       0
                text2                               298      298       87        8       0
                text1                               4BF      4BF        9        8       0
                maintext                             D5       D5       A8        8       0
                cstackBANK0                          20       20       2A       20       1
                cstackCOMMON                         70       70        5       70       1
                clrtext                             4C8      4C8        8        8       0
                bssBANK1                             A0       A0       1C       A0       1
                bssBANK0                             4A       4A       15       20       1
                bssCOMMON                            75       75        4       70       1

TOTAL           Name                               Link     Load   Length     Space
        CLASS   STACK          

        CLASS   CODE           
                end_init                             10       10        1         0
                cinit                                11       11        F         0
                intentry                              4        4        C         0
                reset_vec                             0        0        1         0
                text11                              408      408       54         0
                text10                              4B3      4B3        C         0
                text9                               398      398       70         0
                text8                               17D      17D       8F         0
                text7                               31F      31F       79         0
                text6                               45C      45C       41         0
                text5                                20       20       B5         0
                text4                               20C      20C       8C         0
                text3                               49D      49D       16         0
                text2                               298      298       87         0
                text1                               4BF      4BF        9         0
                maintext                             D5       D5       A8         0
                clrtext                             4C8      4C8        8         0

        CLASS   STRCODE        

        CLASS   STRING         

        CLASS   CONST          

        CLASS   ENTRY          

        CLASS   COMMON         
                cstackCOMMON                         70       70        5         1
                bssCOMMON                            75       75        4         1

        CLASS   BANK0          
                cstackBANK0                          20       20       2A         1
                bssBANK0                             4A       4A       15         1

        CLASS   BANK1          
                bssBANK1                             A0       A0       1C         1

        CLASS   BANK2          

        CLASS   RAM            

        CLASS   ABS1           
                abs_s1                               7E       7E        2         1

        CLASS   SFR0           

        CLASS   SFR1           

        CLASS   SFR2           

        CLASS   SFR3           

        CLASS   CONFIG         
                config                             2007     2007        1         0

        CLASS   IDLOC          

        CLASS   EEDATA         

        CLASS   BANK3          



SEGMENTS        Name                           Load    Length   Top    Selector   Space  Class     Delta

                reset_vec                      000000  000001  000001         0       0  CODE        2
                intentry                       000004  0004CC  0004D0         8       0  CODE        2
                cstackBANK0                    000020  00003F  00005F        20       1  BANK0       1
                cstackCOMMON                   000070  000009  000079        70       1  COMMON      1
                bssBANK1                       0000A0  00001C  0000BC        A0       1  BANK1       1
                config                         002007  000001  002008      400E       0  CONFIG      2


UNUSED ADDRESS RANGES

        Name                Unused          Largest block    Delta
        BANK0            005F-006F             11           1
        BANK1            00BC-00EF             34           1
        BANK2            0120-014F             30           1
        CODE             0001-0003              3           2
                         04D0-07FF            330
        COMMON           0079-007D              5           1
        CONST            0001-0003              3           2
                         04D0-07FF            100
        EEDATA           2100-217F             80           2
        ENTRY            0001-0003              3           2
                         04D0-07FF            100
        IDLOC            2000-2003              4           2
        RAM              005F-006F             11           1
                         00BC-00EF             34
                         0120-014F             30
        SFR0             0000-001F             20           1
        SFR1             0080-009F             20           1
        SFR2             0100-011F             20           1
        SFR3             0180-01EF             70           1
        STACK            00BC-00EF             34           1
        STRCODE          0001-0003              3           2
                         04D0-07FF            330
        STRING           0001-0003              3           2
                         04D0-07FF            100

                                  Symbol Table

?___aldiv                cstackBANK0  0020
?___almod                cstackBANK0  0020
?___lmul                 cstackBANK0  0020
_CMCON                   (abs)        001F
_INTCONbits              (abs)        000B
_OPTION_REGbits          (abs)        0081
_PIE1bits                (abs)        008C
_PIR1bits                (abs)        000C
_PORTAbits               (abs)        0005
_PORTBbits               (abs)        0006
_RCREG                   (abs)        001A
_RCSTAbits               (abs)        0018
_SPBRG                   (abs)        0099
_T0_init                 text10       04B3
_TRISAbits               (abs)        0085
_TRISB                   (abs)        0086
_TRISBbits               (abs)        0086
_TXREG                   (abs)        0019
_TXSTAbits               (abs)        0098
__CFG_BOREN$OFF          (abs)        0000
__CFG_CP$OFF             (abs)        0000
__CFG_CPD$OFF            (abs)        0000
__CFG_FOSC$HS            (abs)        0000
__CFG_LVP$OFF            (abs)        0000
__CFG_MCLRE$OFF          (abs)        0000
__CFG_PWRTE$OFF          (abs)        0000
__CFG_WDTE$OFF           (abs)        0000
__Habs1                  abs1         0000
__Hbank0                 bank0        0000
__Hbank1                 bank1        0000
__Hbank2                 bank2        0000
__Hbank3                 bank3        0000
__HbssBANK0              bssBANK0     0000
__HbssBANK1              bssBANK1     0000
__HbssCOMMON             bssCOMMON    0000
__Hcinit                 cinit        0020
__Hclrtext               clrtext      0000
__Hcode                  code         0000
__Hcommon                common       0000
__Hconfig                config       2008
__HcstackBANK0           cstackBANK0  0000
__HcstackCOMMON          cstackCOMMON 0000
__Heeprom_data           eeprom_data  0000
__Hend_init              end_init     0011
__Hfunctab               functab      0000
__Hidloc                 idloc        0000
__Hinit                  init         0010
__Hintentry              intentry     0010
__Hmaintext              maintext     0000
__Hpowerup               powerup      0000
__Hram                   ram          0000
__Hreset_vec             reset_vec    0001
__Hsfr0                  sfr0         0000
__Hsfr1                  sfr1         0000
__Hsfr2                  sfr2         0000
__Hsfr3                  sfr3         0000
__Hspace_0               (abs)        2008
__Hspace_1               (abs)        00BC
__Hspace_2               (abs)        0000
__Hspace_3               (abs)        0000
__Hstack                 stack        0000
__Hstrings               strings      0000
__Htext                  text         0000
__Labs1                  abs1         0000
__Lbank0                 bank0        0000
__Lbank1                 bank1        0000
__Lbank2                 bank2        0000
__Lbank3                 bank3        0000
__LbssBANK0              bssBANK0     0000
__LbssBANK1              bssBANK1     0000
__LbssCOMMON             bssCOMMON    0000
__Lcinit                 cinit        0011
__Lclrtext               clrtext      0000
__Lcode                  code         0000
__Lcommon                common       0000
__Lconfig                config       2007
__LcstackBANK0           cstackBANK0  0000
__LcstackCOMMON          cstackCOMMON 0000
__Leeprom_data           eeprom_data  0000
__Lend_init              end_init     0010
__Lfunctab               functab      0000
__Lidloc                 idloc        0000
__Linit                  init         0010
__Lintentry              intentry     0004
__Lmaintext              maintext     0000
__Lpowerup               powerup      0000
__Lram                   ram          0000
__Lreset_vec             reset_vec    0000
__Lsfr0                  sfr0         0000
__Lsfr1                  sfr1         0000
__Lsfr2                  sfr2         0000
__Lsfr3                  sfr3         0000
__Lspace_0               (abs)        0000
__Lspace_1               (abs)        0000
__Lspace_2               (abs)        0000
__Lspace_3               (abs)        0000
__Lstack                 stack        0000
__Lstrings               strings      0000
__Ltext                  text         0000
__S0                     (abs)        2008
__S1                     (abs)        00BC
__S2                     (abs)        0000
__S3                     (abs)        0000
___aldiv                 text8        017D
___aldiv@counter         cstackBANK0  0029
___aldiv@dividend        cstackBANK0  0024
___aldiv@divisor         cstackBANK0  0020
___aldiv@quotient        cstackBANK0  002B
___aldiv@sign            cstackBANK0  002A
___almod                 text7        031F
___almod@counter         cstackBANK0  0029
___almod@dividend        cstackBANK0  0024
___almod@divisor         cstackBANK0  0020
___almod@sign            cstackBANK0  002A
___int_sp                stack        0000
___latbits               (abs)        0000
___lmul                  text6        045C
___lmul@multiplicand     cstackBANK0  0024
___lmul@multiplier       cstackBANK0  0020
___lmul@product          cstackBANK0  0029
___sp                    stack        0000
__end_of_T0_init         text10       04BF
__end_of___aldiv         text8        020C
__end_of___almod         text7        0398
__end_of___lmul          text6        049D
__end_of__initialization cinit        001E
__end_of_kes             text11       045C
__end_of_main            maintext     017D
__end_of_measure_force   text4        0298
__end_of_read_tarti      text9        0408
__end_of_serial_init     text3        04B3
__end_of_set_offset      text2        031F
__end_of_tarti_init      text1        04C8
__end_of_write_dec       text5        00D5
__initialization         cinit        0011
__pbssBANK0              bssBANK0     004A
__pbssBANK1              bssBANK1     00A0
__pbssCOMMON             bssCOMMON    0075
__pcstackBANK0           cstackBANK0  0020
__pcstackCOMMON          cstackCOMMON 0070
__pintentry              intentry     0004
__pmaintext              maintext     00D5
__ptext1                 text1        04BF
__ptext10                text10       04B3
__ptext11                text11       0408
__ptext2                 text2        0298
__ptext3                 text3        049D
__ptext4                 text4        020C
__ptext5                 text5        0020
__ptext6                 text6        045C
__ptext7                 text7        031F
__ptext8                 text8        017D
__ptext9                 text9        0398
__size_of_T0_init        (abs)        0000
__size_of___aldiv        (abs)        0000
__size_of___almod        (abs)        0000
__size_of___lmul         (abs)        0000
__size_of_kes            (abs)        0000
__size_of_main           (abs)        0000
__size_of_measure_force  (abs)        0000
__size_of_read_tarti     (abs)        0000
__size_of_serial_init    (abs)        0000
__size_of_set_offset     (abs)        0000
__size_of_tarti_init     (abs)        0000
__size_of_write_dec      (abs)        0000
_dec_array               bssBANK0     004A
_force                   bssBANK0     0056
_kes                     text11       0408
_main                    maintext     00D5
_measure_force           text4        020C
_measure_val             bssBANK0     005C
_offset                  bssBANK0     0059
_read_tarti              text9        0398
_serial_init             text3        049D
_set_offset              text2        0298
_tarti                   bssBANK1     00A0
_tarti_init              text1        04BF
_timetick                bssCOMMON    0075
_write_dec               text5        0020
btemp                    (abs)        007E
clear_ram0               clrtext      04C8
end_of_initialization    cinit        001E
interrupt_function       intentry     0004
intlevel0                functab      0000
intlevel1                functab      0000
intlevel2                functab      0000
intlevel3                functab      0000
intlevel4                functab      0000
intlevel5                functab      0000
main@cnt                 cstackBANK0  0046
main@cnt_335             cstackBANK0  0048
measure_force@i          cstackBANK0  003A
measure_force@sum        cstackBANK0  003C
read_tarti@i             cstackBANK0  0026
read_tarti@kl            cstackBANK0  0024
reset_vec                reset_vec    0000
saved_w                  (abs)        007E
set_offset@i             cstackBANK0  003D
set_offset@sum           cstackBANK0  003F
stackhi                  (abs)        0000
stacklo                  (abs)        0000
start                    init         0010
start_initialization     cinit        0011
write_dec@i              cstackBANK0  0034
write_dec@value          cstackBANK0  002F
wtemp0                   (abs)        007E


FUNCTION INFORMATION:

 *************** function _main *****************
 Defined at:
		line 49 in file "tarti.c"
 Parameters:    Size  Location     Type
		None
 Auto vars:     Size  Location     Type
  cnt             2   40[BANK0 ] int 
  cnt             2   38[BANK0 ] int 
 Return value:  Size  Location     Type
                  1    wreg      void 
 Registers used:
		wreg, fsr0l, fsr0h, status,2, status,0, btemp+1, pclath, cstack
 Tracked objects:
		On entry : 
		On exit  : 
		Unchanged: 
 Data sizes:     COMMON   BANK0   BANK1   BANK2
      Params:         0       0       0       0
      Locals:         0       4       0       0
      Temps:          0       3       0       0
      Totals:         0       7       0       0
Total ram usage:        7 bytes
 Hardware stack levels required when called:    4
 This function calls:
		_T0_init
		_measure_force
		_read_tarti
		_serial_init
		_set_offset
		_tarti_init
 This function is called by:
		Startup code after reset
 This function uses a non-reentrant model


 *************** function _tarti_init *****************
 Defined at:
		line 162 in file "tarti.c"
 Parameters:    Size  Location     Type
		None
 Auto vars:     Size  Location     Type
		None
 Return value:  Size  Location     Type
                  1    wreg      void 
 Registers used:
		None
 Tracked objects:
		On entry : 
		On exit  : 
		Unchanged: 
 Data sizes:     COMMON   BANK0   BANK1   BANK2
      Params:         0       0       0       0
      Locals:         0       0       0       0
      Temps:          0       0       0       0
      Totals:         0       0       0       0
Total ram usage:        0 bytes
 Hardware stack levels used:    1
 Hardware stack levels required when called:    1
 This function calls:
		Nothing
 This function is called by:
		_main
 This function uses a non-reentrant model


 *************** function _set_offset *****************
 Defined at:
		line 203 in file "tarti.c"
 Parameters:    Size  Location     Type
		None
 Auto vars:     Size  Location     Type
  i               2   29[BANK0 ] int 
  sum             4   31[BANK0 ] long 
 Return value:  Size  Location     Type
                  1    wreg      void 
 Registers used:
		wreg, fsr0l, fsr0h, status,2, status,0, btemp+1, pclath, cstack
 Tracked objects:
		On entry : 
		On exit  : 
		Unchanged: 
 Data sizes:     COMMON   BANK0   BANK1   BANK2
      Params:         0       0       0       0
      Locals:         0       6       0       0
      Temps:          0       7       0       0
      Totals:         0      13       0       0
Total ram usage:       13 bytes
 Hardware stack levels used:    1
 Hardware stack levels required when called:    3
 This function calls:
		___aldiv
		_read_tarti
		_write_dec
 This function is called by:
		_main
 This function uses a non-reentrant model


 *************** function _serial_init *****************
 Defined at:
		line 121 in file "tarti.c"
 Parameters:    Size  Location     Type
		None
 Auto vars:     Size  Location     Type
		None
 Return value:  Size  Location     Type
                  1    wreg      void 
 Registers used:
		wreg
 Tracked objects:
		On entry : 
		On exit  : 
		Unchanged: 
 Data sizes:     COMMON   BANK0   BANK1   BANK2
      Params:         0       0       0       0
      Locals:         0       0       0       0
      Temps:          0       0       0       0
      Totals:         0       0       0       0
Total ram usage:        0 bytes
 Hardware stack levels used:    1
 Hardware stack levels required when called:    1
 This function calls:
		Nothing
 This function is called by:
		_main
 This function uses a non-reentrant model


 *************** function _measure_force *****************
 Defined at:
		line 214 in file "tarti.c"
 Parameters:    Size  Location     Type
		None
 Auto vars:     Size  Location     Type
  i               2   26[BANK0 ] int 
  sum             4   28[BANK0 ] long 
 Return value:  Size  Location     Type
                  1    wreg      void 
 Registers used:
		wreg, fsr0l, fsr0h, status,2, status,0, btemp+1, pclath, cstack
 Tracked objects:
		On entry : 
		On exit  : 
		Unchanged: 
 Data sizes:     COMMON   BANK0   BANK1   BANK2
      Params:         0       0       0       0
      Locals:         0       6       0       0
      Temps:          0       4       0       0
      Totals:         0      10       0       0
Total ram usage:       10 bytes
 Hardware stack levels used:    1
 Hardware stack levels required when called:    3
 This function calls:
		___aldiv
		_read_tarti
		_write_dec
 This function is called by:
		_main
 This function uses a non-reentrant model


 *************** function _write_dec *****************
 Defined at:
		line 255 in file "tarti.c"
 Parameters:    Size  Location     Type
  value           4   15[BANK0 ] long 
 Auto vars:     Size  Location     Type
  i               2   20[BANK0 ] int 
 Return value:  Size  Location     Type
                  1    wreg      void 
 Registers used:
		wreg, fsr0l, fsr0h, status,2, status,0, btemp+1, pclath, cstack
 Tracked objects:
		On entry : 
		On exit  : 
		Unchanged: 
 Data sizes:     COMMON   BANK0   BANK1   BANK2
      Params:         0       4       0       0
      Locals:         0       2       0       0
      Temps:          0       1       0       0
      Totals:         0       7       0       0
Total ram usage:        7 bytes
 Hardware stack levels used:    1
 Hardware stack levels required when called:    2
 This function calls:
		___aldiv
		___almod
		___lmul
 This function is called by:
		_set_offset
		_measure_force
		_bin_to_dec
 This function uses a non-reentrant model


 *************** function ___lmul *****************
 Defined at:
		line 15 in file "C:\Program Files (x86)\Microchip\xc8\v1.45\sources\common\Umul32.c"
 Parameters:    Size  Location     Type
  multiplier      4    0[BANK0 ] unsigned long 
  multiplicand    4    4[BANK0 ] unsigned long 
 Auto vars:     Size  Location     Type
  product         4    9[BANK0 ] unsigned long 
 Return value:  Size  Location     Type
                  4    0[BANK0 ] unsigned long 
 Registers used:
		wreg, status,2, status,0
 Tracked objects:
		On entry : 
		On exit  : 
		Unchanged: 
 Data sizes:     COMMON   BANK0   BANK1   BANK2
      Params:         0       8       0       0
      Locals:         0       4       0       0
      Temps:          0       1       0       0
      Totals:         0      13       0       0
Total ram usage:       13 bytes
 Hardware stack levels used:    1
 Hardware stack levels required when called:    1
 This function calls:
		Nothing
 This function is called by:
		_write_dec
 This function uses a non-reentrant model


 *************** function ___almod *****************
 Defined at:
		line 5 in file "C:\Program Files (x86)\Microchip\xc8\v1.45\sources\common\almod.c"
 Parameters:    Size  Location     Type
  divisor         4    0[BANK0 ] long 
  dividend        4    4[BANK0 ] long 
 Auto vars:     Size  Location     Type
  sign            1   10[BANK0 ] unsigned char 
  counter         1    9[BANK0 ] unsigned char 
 Return value:  Size  Location     Type
                  4    0[BANK0 ] long 
 Registers used:
		wreg, status,2, status,0
 Tracked objects:
		On entry : 
		On exit  : 
		Unchanged: 
 Data sizes:     COMMON   BANK0   BANK1   BANK2
      Params:         0       8       0       0
      Locals:         0       2       0       0
      Temps:          0       1       0       0
      Totals:         0      11       0       0
Total ram usage:       11 bytes
 Hardware stack levels used:    1
 Hardware stack levels required when called:    1
 This function calls:
		Nothing
 This function is called by:
		_write_dec
 This function uses a non-reentrant model


 *************** function ___aldiv *****************
 Defined at:
		line 6 in file "C:\Program Files (x86)\Microchip\xc8\v1.45\sources\common\aldiv.c"
 Parameters:    Size  Location     Type
  divisor         4    0[BANK0 ] long 
  dividend        4    4[BANK0 ] long 
 Auto vars:     Size  Location     Type
  quotient        4   11[BANK0 ] long 
  sign            1   10[BANK0 ] unsigned char 
  counter         1    9[BANK0 ] unsigned char 
 Return value:  Size  Location     Type
                  4    0[BANK0 ] long 
 Registers used:
		wreg, status,2, status,0
 Tracked objects:
		On entry : 
		On exit  : 
		Unchanged: 
 Data sizes:     COMMON   BANK0   BANK1   BANK2
      Params:         0       8       0       0
      Locals:         0       6       0       0
      Temps:          0       1       0       0
      Totals:         0      15       0       0
Total ram usage:       15 bytes
 Hardware stack levels used:    1
 Hardware stack levels required when called:    1
 This function calls:
		Nothing
 This function is called by:
		_set_offset
		_measure_force
		_write_dec
 This function uses a non-reentrant model


 *************** function _read_tarti *****************
 Defined at:
		line 171 in file "tarti.c"
 Parameters:    Size  Location     Type
		None
 Auto vars:     Size  Location     Type
  i               2    6[BANK0 ] int 
  kl              2    4[BANK0 ] int 
 Return value:  Size  Location     Type
                  1    wreg      void 
 Registers used:
		wreg, status,2, status,0, btemp+1
 Tracked objects:
		On entry : 
		On exit  : 
		Unchanged: 
 Data sizes:     COMMON   BANK0   BANK1   BANK2
      Params:         0       0       0       0
      Locals:         0       4       0       0
      Temps:          0       4       0       0
      Totals:         0       8       0       0
Total ram usage:        8 bytes
 Hardware stack levels used:    1
 Hardware stack levels required when called:    1
 This function calls:
		Nothing
 This function is called by:
		_main
		_set_offset
		_measure_force
 This function uses a non-reentrant model


 *************** function _T0_init *****************
 Defined at:
		line 107 in file "tarti.c"
 Parameters:    Size  Location     Type
		None
 Auto vars:     Size  Location     Type
		None
 Return value:  Size  Location     Type
                  1    wreg      void 
 Registers used:
		None
 Tracked objects:
		On entry : 
		On exit  : 
		Unchanged: 
 Data sizes:     COMMON   BANK0   BANK1   BANK2
      Params:         0       0       0       0
      Locals:         0       0       0       0
      Temps:          0       0       0       0
      Totals:         0       0       0       0
Total ram usage:        0 bytes
 Hardware stack levels used:    1
 Hardware stack levels required when called:    1
 This function calls:
		Nothing
 This function is called by:
		_main
 This function uses a non-reentrant model


 *************** function _kes *****************
 Defined at:
		line 140 in file "tarti.c"
 Parameters:    Size  Location     Type
		None
 Auto vars:     Size  Location     Type
		None
 Return value:  Size  Location     Type
                  1    wreg      void 
 Registers used:
		wreg, fsr0l, fsr0h, status,2, status,0
 Tracked objects:
		On entry : 
		On exit  : 
		Unchanged: 
 Data sizes:     COMMON   BANK0   BANK1   BANK2
      Params:         0       0       0       0
      Locals:         0       0       0       0
      Temps:          5       0       0       0
      Totals:         5       0       0       0
Total ram usage:        5 bytes
 Hardware stack levels used:    1
 This function calls:
		Nothing
 This function is called by:
		Interrupt level 1
 This function uses a non-reentrant model



MODULE INFORMATION

Module		Function		Class		Link	Load	Size
C:\Program Files (x86)\Microchip\xc8\v1.45\sources\common\almod.c
		___almod       		CODE           	031F	0000	122

C:\Program Files (x86)\Microchip\xc8\v1.45\sources\common\almod.c estimated size: 122

C:\Program Files (x86)\Microchip\xc8\v1.45\sources\common\Umul32.c
		___lmul        		CODE           	045C	0000	66

C:\Program Files (x86)\Microchip\xc8\v1.45\sources\common\Umul32.c estimated size: 66

shared
		__initialization		CODE           	0011	0000	14

shared estimated size: 14

tarti.c
		_write_dec     		CODE           	0020	0000	182
		_read_tarti    		CODE           	0398	0000	113
		_tarti_init    		CODE           	04BF	0000	10
		_main          		CODE           	00D5	0000	169
		_kes           		CODE           	0408	0000	85
		_measure_force 		CODE           	020C	0000	141
		_serial_init   		CODE           	049D	0000	23
		_T0_init       		CODE           	04B3	0000	13
		_set_offset    		CODE           	0298	0000	136

tarti.c estimated size: 872

C:\Program Files (x86)\Microchip\xc8\v1.45\sources\common\aldiv.c
		___aldiv       		CODE           	017D	0000	144

C:\Program Files (x86)\Microchip\xc8\v1.45\sources\common\aldiv.c estimated size: 144

